[+] Feature whitelist: 54 features
[+] Device: cuda

==========================================================================================
LOVO EXPERIMENT: 2 FPS
==========================================================================================
Dataset directory: C:\VideoTools\MTB-Video-Tools\output\datasets_2fps
Videos: 8

------------------------------------------------------------------------------------------
Fold 1/8
Held out: ascoli_dataset
    Epoch  1/15 | Train loss: 1.0705
    Epoch  5/15 | Train loss: 1.0184
    Epoch 10/15 | Train loss: 1.0014
    Epoch 15/15 | Train loss: 0.9787
    Saved checkpoint: C:\VideoTools\MTB-Video-Tools\output\checkpoints\model_lovo_ascoli_dataset_2fpsfps.pt
    Accuracy:          0.4768
    Balanced accuracy: 0.3770
    Macro F1:           0.2968
    Recall [0,1,2]: 0.000, 0.914, 0.217
    F1 [0,1,2]: 0.000, 0.663, 0.227
    Confusion matrix:
[[  0 112  31]
 [  0 180  17]
 [  0  54  15]]

------------------------------------------------------------------------------------------
Fold 2/8
Held out: capranica_dataset
    Epoch  1/15 | Train loss: 1.0474
    Epoch  5/15 | Train loss: 0.9727
    Epoch 10/15 | Train loss: 0.9257
    Epoch 15/15 | Train loss: 0.8994
    Saved checkpoint: C:\VideoTools\MTB-Video-Tools\output\checkpoints\model_lovo_capranica_dataset_2fpsfps.pt
    Accuracy:          0.5765
    Balanced accuracy: 0.3025
    Macro F1:           0.2438
    Recall [0,1,2]: 0.000, 0.907, 0.000
    F1 [0,1,2]: 0.000, 0.731, 0.000
    Confusion matrix:
[[ 0 19  0]
 [ 0 49  5]
 [ 0 12  0]]

------------------------------------------------------------------------------------------
Fold 3/8
Held out: g2_dataset
    Epoch  1/15 | Train loss: 1.0619
    Epoch  5/15 | Train loss: 0.9849
    Epoch 10/15 | Train loss: 0.9556
    Epoch 15/15 | Train loss: 0.9185
    Saved checkpoint: C:\VideoTools\MTB-Video-Tools\output\checkpoints\model_lovo_g2_dataset_2fpsfps.pt
    Accuracy:          0.6415
    Balanced accuracy: 0.2437
    Macro F1:           0.2715
    Recall [0,1,2]: 0.000, 0.731, 0.000
    F1 [0,1,2]: 0.000, 0.814, 0.000
    Confusion matrix:
[[  0  12  14]
 [  0 136  50]
 [  0   0   0]]

------------------------------------------------------------------------------------------
Fold 4/8
Held out: g2_steep_dataset
    Epoch  1/15 | Train loss: 1.0517
    Epoch  5/15 | Train loss: 0.9963
    Epoch 10/15 | Train loss: 0.9668
    Epoch 15/15 | Train loss: 0.9275
    Saved checkpoint: C:\VideoTools\MTB-Video-Tools\output\checkpoints\model_lovo_g2_steep_dataset_2fpsfps.pt
    Accuracy:          0.7500
    Balanced accuracy: 0.4857
    Macro F1:           0.4889
    Recall [0,1,2]: 0.000, 0.857, 0.600
    F1 [0,1,2]: 0.000, 0.800, 0.667
    Confusion matrix:
[[0 0 0]
 [0 6 1]
 [0 2 3]]

------------------------------------------------------------------------------------------
Fold 5/8
Held out: iano_dataset
    Epoch  1/15 | Train loss: 1.0523
    Epoch  5/15 | Train loss: 0.9733
    Epoch 10/15 | Train loss: 0.9616
    Epoch 15/15 | Train loss: 0.9110
    Saved checkpoint: C:\VideoTools\MTB-Video-Tools\output\checkpoints\model_lovo_iano_dataset_2fpsfps.pt
    Accuracy:          0.6250
    Balanced accuracy: 0.2576
    Macro F1:           0.2738
    Recall [0,1,2]: 0.000, 0.773, 0.000
    F1 [0,1,2]: 0.000, 0.821, 0.000
    Confusion matrix:
[[ 0 12 14]
 [ 0 85 25]
 [ 0  0  0]]

------------------------------------------------------------------------------------------
Fold 6/8
Held out: mentorella_dataset
    Epoch  1/15 | Train loss: 0.9352
    Epoch  5/15 | Train loss: 0.8294
    Epoch 10/15 | Train loss: 0.7383
    Epoch 15/15 | Train loss: 0.6830
    Saved checkpoint: C:\VideoTools\MTB-Video-Tools\output\checkpoints\model_lovo_mentorella_dataset_2fpsfps.pt
    Accuracy:          0.3273
    Balanced accuracy: 0.3583
    Macro F1:           0.2038
    Recall [0,1,2]: 0.000, 0.962, 0.113
    F1 [0,1,2]: 0.000, 0.510, 0.102
    Confusion matrix:
[[  0 698  72]
 [  0 408  16]
 [  0  71   9]]

------------------------------------------------------------------------------------------
Fold 7/8
Held out: orvinio_dataset
    Epoch  1/15 | Train loss: 1.0687
    Epoch  5/15 | Train loss: 0.9972
    Epoch 10/15 | Train loss: 0.9430
    Epoch 15/15 | Train loss: 0.9221
    Saved checkpoint: C:\VideoTools\MTB-Video-Tools\output\checkpoints\model_lovo_orvinio_dataset_2fpsfps.pt
    Accuracy:          0.6998
    Balanced accuracy: 0.4142
    Macro F1:           0.3052
    Recall [0,1,2]: 0.000, 0.909, 0.333
    F1 [0,1,2]: 0.000, 0.837, 0.078
    Confusion matrix:
[[  0  83  13]
 [  0 301  30]
 [  0   4   2]]

------------------------------------------------------------------------------------------
Fold 8/8
Held out: tivoli_dataset
    Epoch  1/15 | Train loss: 1.0488
    Epoch  5/15 | Train loss: 0.9776
    Epoch 10/15 | Train loss: 0.9444
    Epoch 15/15 | Train loss: 0.9302
    Saved checkpoint: C:\VideoTools\MTB-Video-Tools\output\checkpoints\model_lovo_tivoli_dataset_2fpsfps.pt
    Accuracy:          0.2935
    Balanced accuracy: 0.1488
    Macro F1:           0.1809
    Recall [0,1,2]: 0.000, 0.446, 0.000
    F1 [0,1,2]: 0.000, 0.543, 0.000
    Confusion matrix:
[[ 0 24 39]
 [ 0 54 67]
 [ 0  0  0]]

==========================================================================================
2 FPS ù LOVO SUMMARY
==========================================================================================
Held-out                  Acc   BalAcc  MacroF1    F1-0    F1-1    F1-2
------------------------------------------------------------------------------------------
ascoli_dataset         0.4768   0.3770   0.2968  0.0000  0.6630  0.2273
capranica_dataset      0.5765   0.3025   0.2438  0.0000  0.7313  0.0000
g2_dataset             0.6415   0.2437   0.2715  0.0000  0.8144  0.0000
g2_steep_dataset       0.7500   0.4857   0.4889  0.0000  0.8000  0.6667
iano_dataset           0.6250   0.2576   0.2738  0.0000  0.8213  0.0000
mentorella_dataset     0.3273   0.3583   0.2038  0.0000  0.5097  0.1017
orvinio_dataset        0.6998   0.4142   0.3052  0.0000  0.8373  0.0784
tivoli_dataset         0.2935   0.1488   0.1809  0.0000  0.5427  0.0000
------------------------------------------------------------------------------------------
MEAN                   0.5488   0.3235   0.2831  0.0000  0.7150  0.1343
==========================================================================================

==========================================================================================
LOVO EXPERIMENT: 10 FPS
==========================================================================================
Dataset directory: C:\VideoTools\MTB-Video-Tools\output\datasets_10fps
Videos: 8

------------------------------------------------------------------------------------------
Fold 1/8
Held out: ascoli_dataset
    Epoch  1/15 | Train loss: 1.0211
    Epoch  5/15 | Train loss: 0.9725
    Epoch 10/15 | Train loss: 0.9669
    Epoch 15/15 | Train loss: 0.9415
    Saved checkpoint: C:\VideoTools\MTB-Video-Tools\output\checkpoints\model_lovo_ascoli_dataset_10fpsfps.pt
    Accuracy:          0.5061
    Balanced accuracy: 0.5494
    Macro F1:           0.4309
    Recall [0,1,2]: 0.084, 0.680, 0.884
    F1 [0,1,2]: 0.154, 0.711, 0.428
    Confusion matrix:
[[ 12  38  93]
 [  1 134  62]
 [  0   8  61]]

------------------------------------------------------------------------------------------
Fold 2/8
Held out: capranica_dataset
    Epoch  1/15 | Train loss: 0.9909
    Epoch  5/15 | Train loss: 0.9214
    Epoch 10/15 | Train loss: 0.8810
    Epoch 15/15 | Train loss: 0.8629
    Saved checkpoint: C:\VideoTools\MTB-Video-Tools\output\checkpoints\model_lovo_capranica_dataset_10fpsfps.pt
    Accuracy:          0.6824
    Balanced accuracy: 0.5115
    Macro F1:           0.5008
    Recall [0,1,2]: 0.211, 0.907, 0.417
    F1 [0,1,2]: 0.333, 0.875, 0.294
    Confusion matrix:
[[ 4  2 13]
 [ 1 49  4]
 [ 0  7  5]]

------------------------------------------------------------------------------------------
Fold 3/8
Held out: g2_dataset
    Epoch  1/15 | Train loss: 0.9930
    Epoch  5/15 | Train loss: 0.8957
    Epoch 10/15 | Train loss: 0.8778
    Epoch 15/15 | Train loss: 0.8593
    Saved checkpoint: C:\VideoTools\MTB-Video-Tools\output\checkpoints\model_lovo_g2_dataset_10fpsfps.pt
    Accuracy:          0.7512
    Balanced accuracy: 0.4239
    Macro F1:           0.4718
    Recall [0,1,2]: 0.481, 0.790, 0.000
    F1 [0,1,2]: 0.553, 0.862, 0.000
    Confusion matrix:
[[ 13   8   6]
 [  7 147  32]
 [  0   0   0]]

------------------------------------------------------------------------------------------
Fold 4/8
Held out: g2_steep_dataset
    Epoch  1/15 | Train loss: 0.9974
    Epoch  5/15 | Train loss: 0.9029
    Epoch 10/15 | Train loss: 0.8704
    Epoch 15/15 | Train loss: 0.8804
    Saved checkpoint: C:\VideoTools\MTB-Video-Tools\output\checkpoints\model_lovo_g2_steep_dataset_10fpsfps.pt
    Accuracy:          0.5833
    Balanced accuracy: 0.3714
    Macro F1:           0.3704
    Recall [0,1,2]: 0.000, 0.714, 0.400
    F1 [0,1,2]: 0.000, 0.667, 0.444
    Confusion matrix:
[[0 0 0]
 [0 5 2]
 [0 3 2]]

------------------------------------------------------------------------------------------
Fold 5/8
Held out: iano_dataset
    Epoch  1/15 | Train loss: 0.9828
    Epoch  5/15 | Train loss: 0.8941
    Epoch 10/15 | Train loss: 0.8735
    Epoch 15/15 | Train loss: 0.8641
    Saved checkpoint: C:\VideoTools\MTB-Video-Tools\output\checkpoints\model_lovo_iano_dataset_10fpsfps.pt
    Accuracy:          0.4672
    Balanced accuracy: 0.1939
    Macro F1:           0.2234
    Recall [0,1,2]: 0.000, 0.582, 0.000
    F1 [0,1,2]: 0.000, 0.670, 0.000
    Confusion matrix:
[[ 0 17 10]
 [ 0 64 46]
 [ 0  0  0]]

------------------------------------------------------------------------------------------
Fold 6/8
Held out: mentorella_dataset
    Epoch  1/15 | Train loss: 0.8802
    Epoch  5/15 | Train loss: 0.7210
    Epoch 10/15 | Train loss: 0.6853
    Epoch 15/15 | Train loss: 0.6749
    Saved checkpoint: C:\VideoTools\MTB-Video-Tools\output\checkpoints\model_lovo_mentorella_dataset_10fpsfps.pt
    Accuracy:          0.2928
    Balanced accuracy: 0.3068
    Macro F1:           0.1889
    Recall [0,1,2]: 0.000, 0.870, 0.050
    F1 [0,1,2]: 0.000, 0.548, 0.019
    Confusion matrix:
[[  0 477 293]
 [  0 369  55]
 [  0  76   4]]

------------------------------------------------------------------------------------------
Fold 7/8
Held out: orvinio_dataset
    Epoch  1/15 | Train loss: 1.0109
    Epoch  5/15 | Train loss: 0.9271
    Epoch 10/15 | Train loss: 0.8963
    Epoch 15/15 | Train loss: 0.8723
    Saved checkpoint: C:\VideoTools\MTB-Video-Tools\output\checkpoints\model_lovo_orvinio_dataset_10fpsfps.pt
    Accuracy:          0.7113
    Balanced accuracy: 0.5453
    Macro F1:           0.4504
    Recall [0,1,2]: 0.302, 0.834, 0.500
    F1 [0,1,2]: 0.423, 0.857, 0.071
    Confusion matrix:
[[ 29  35  32]
 [ 11 276  44]
 [  1   2   3]]

------------------------------------------------------------------------------------------
Fold 8/8
Held out: tivoli_dataset
    Epoch  1/15 | Train loss: 0.9781
    Epoch  5/15 | Train loss: 0.9065
    Epoch 10/15 | Train loss: 0.8895
    Epoch 15/15 | Train loss: 0.8658
    Saved checkpoint: C:\VideoTools\MTB-Video-Tools\output\checkpoints\model_lovo_tivoli_dataset_10fpsfps.pt
    Accuracy:          0.5135
    Balanced accuracy: 0.2740
    Macro F1:           0.2922
    Recall [0,1,2]: 0.078, 0.744, 0.000
    F1 [0,1,2]: 0.145, 0.732, 0.000
    Confusion matrix:
[[ 5 35 24]
 [ 0 90 31]
 [ 0  0  0]]

==========================================================================================
10 FPS ù LOVO SUMMARY
==========================================================================================
Held-out                  Acc   BalAcc  MacroF1    F1-0    F1-1    F1-2
------------------------------------------------------------------------------------------
ascoli_dataset         0.5061   0.5494   0.4309  0.1538  0.7109  0.4281
capranica_dataset      0.6824   0.5115   0.5008  0.3333  0.8750  0.2941
g2_dataset             0.7512   0.4239   0.4718  0.5532  0.8622  0.0000
g2_steep_dataset       0.5833   0.3714   0.3704  0.0000  0.6667  0.4444
iano_dataset           0.4672   0.1939   0.2234  0.0000  0.6702  0.0000
mentorella_dataset     0.2928   0.3068   0.1889  0.0000  0.5483  0.0185
orvinio_dataset        0.7113   0.5453   0.4504  0.4234  0.8571  0.0706
tivoli_dataset         0.5135   0.2740   0.2922  0.1449  0.7317  0.0000
------------------------------------------------------------------------------------------
MEAN                   0.5635   0.3970   0.3661  0.2011  0.7403  0.1570
==========================================================================================


####################################################################################################
2 FPS vs 10 FPS ù LOVO COMPARISON
####################################################################################################

Video                  2FPS Acc   10FPS Acc     Delta    2FPS F1    10FPS F1     Delta
----------------------------------------------------------------------------------------------------
ascoli_dataset           0.4768      0.5061   +0.0293     0.2968      0.4309   +0.1342
capranica_dataset        0.5765      0.6824   +0.1059     0.2438      0.5008   +0.2570
g2_dataset               0.6415      0.7512   +0.1097     0.2715      0.4718   +0.2003
g2_steep_dataset         0.7500      0.5833   -0.1667     0.4889      0.3704   -0.1185
iano_dataset             0.6250      0.4672   -0.1578     0.2738      0.2234   -0.0504
mentorella_dataset       0.3273      0.2928   -0.0345     0.2038      0.1889   -0.0149
orvinio_dataset          0.6998      0.7113   +0.0115     0.3052      0.4504   +0.1451
tivoli_dataset           0.2935      0.5135   +0.2200     0.1809      0.2922   +0.1113
----------------------------------------------------------------------------------------------------
MEAN                     0.5488      0.5635   +0.0147     0.2831      0.3661   +0.0830

Class-2 F1 (technical/interesting) is especially important:
  2 FPS : 0.1343
  10 FPS: 0.1570
  Delta : +0.0227
####################################################################################################
